sample,n_reads
GWP_17P_S127_L007_R1_001,8620342
GWP_20P_S144_L007_R1_001,10347483
